0 verbose cli /usr/local/bin/node /usr/local/bin/npm
1 info using npm@11.12.0
2 info using node@v22.16.0
3 silly config load:file:/usr/local/lib/node_modules/npm/npmrc
4 silly config load:file:/Users/Holiday_1/Desktop/Growth/Marginalia/.npmrc
5 silly config load:file:/Users/Holiday_1/.npmrc
6 silly config load:file:/usr/local/etc/npmrc
7 verbose title npm install qrcode
8 verbose argv "install" "qrcode" "--cache" ".npm-cache"
9 verbose logfile logs-max:10 dir:/Users/Holiday_1/Desktop/Growth/Marginalia/.npm-cache/_logs/2026-05-26T07_54_01_227Z-
10 verbose logfile /Users/Holiday_1/Desktop/Growth/Marginalia/.npm-cache/_logs/2026-05-26T07_54_01_227Z-debug-0.log
11 silly logfile done cleaning log files
12 silly packumentCache heap:4345298944 maxSize:1086324736 maxEntrySize:543162368
13 silly idealTree buildDeps
14 silly fetch manifest qrcode@*
15 silly packumentCache full:https://registry.npmjs.org/qrcode cache-miss
16 http fetch GET 200 https://registry.npmjs.org/qrcode 1160ms (cache miss)
17 silly packumentCache full:https://registry.npmjs.org/qrcode set size:undefined disposed:false
18 silly placeDep ROOT qrcode@1.5.4 OK for: marginalia@0.1.0 want: *
19 silly fetch manifest pngjs@^5.0.0
20 silly packumentCache full:https://registry.npmjs.org/pngjs cache-miss
21 silly fetch manifest yargs@^15.3.1
22 silly packumentCache full:https://registry.npmjs.org/yargs cache-miss
23 silly fetch manifest dijkstrajs@^1.0.1
24 silly packumentCache full:https://registry.npmjs.org/dijkstrajs cache-miss
25 http fetch GET 200 https://registry.npmjs.org/npm 1959ms
26 http fetch GET 200 https://registry.npmjs.org/pngjs 730ms (cache miss)
27 silly packumentCache full:https://registry.npmjs.org/pngjs set size:undefined disposed:false
28 http fetch GET 200 https://registry.npmjs.org/dijkstrajs 1240ms (cache miss)
29 silly packumentCache full:https://registry.npmjs.org/dijkstrajs set size:undefined disposed:false
30 http fetch GET 200 https://registry.npmjs.org/yargs 2033ms (cache miss)
31 silly packumentCache full:https://registry.npmjs.org/yargs set size:undefined disposed:false
32 silly placeDep ROOT dijkstrajs@1.0.3 OK for: qrcode@1.5.4 want: ^1.0.1
33 silly placeDep ROOT pngjs@5.0.0 OK for: qrcode@1.5.4 want: ^5.0.0
34 silly placeDep node_modules/qrcode yargs@15.4.1 OK for: qrcode@1.5.4 want: ^15.3.1
35 silly fetch manifest y18n@^4.0.0
36 silly packumentCache full:https://registry.npmjs.org/y18n cache-miss
37 silly fetch manifest cliui@^6.0.0
38 silly packumentCache full:https://registry.npmjs.org/cliui cache-miss
39 silly fetch manifest find-up@^4.1.0
40 silly packumentCache full:https://registry.npmjs.org/find-up cache-miss
41 silly fetch manifest decamelize@^1.2.0
42 silly packumentCache full:https://registry.npmjs.org/decamelize cache-miss
43 silly fetch manifest set-blocking@^2.0.0
44 silly packumentCache full:https://registry.npmjs.org/set-blocking cache-miss
45 silly fetch manifest which-module@^2.0.0
46 silly packumentCache full:https://registry.npmjs.org/which-module cache-miss
47 silly fetch manifest yargs-parser@^18.1.2
48 silly packumentCache full:https://registry.npmjs.org/yargs-parser cache-miss
49 http fetch GET 200 https://registry.npmjs.org/y18n 201ms (cache miss)
50 silly packumentCache full:https://registry.npmjs.org/y18n set size:undefined disposed:false
51 silly fetch manifest require-main-filename@^2.0.0
52 silly packumentCache full:https://registry.npmjs.org/require-main-filename cache-miss
53 http fetch GET 200 https://registry.npmjs.org/decamelize 203ms (cache miss)
54 silly packumentCache full:https://registry.npmjs.org/decamelize set size:undefined disposed:false
55 http fetch GET 200 https://registry.npmjs.org/find-up 247ms (cache miss)
56 silly packumentCache full:https://registry.npmjs.org/find-up set size:undefined disposed:false
57 http fetch GET 200 https://registry.npmjs.org/cliui 386ms (cache miss)
58 silly packumentCache full:https://registry.npmjs.org/cliui set size:undefined disposed:false
59 http fetch GET 200 https://registry.npmjs.org/require-main-filename 374ms (cache miss)
60 silly packumentCache full:https://registry.npmjs.org/require-main-filename set size:undefined disposed:false
61 http fetch GET 200 https://registry.npmjs.org/which-module 1056ms (cache miss)
62 silly packumentCache full:https://registry.npmjs.org/which-module set size:undefined disposed:false
63 http fetch GET 200 https://registry.npmjs.org/set-blocking 1142ms (cache miss)
64 silly packumentCache full:https://registry.npmjs.org/set-blocking set size:undefined disposed:false
65 http fetch GET 200 https://registry.npmjs.org/yargs-parser 1282ms (cache miss)
66 silly packumentCache full:https://registry.npmjs.org/yargs-parser set size:undefined disposed:false
67 silly placeDep node_modules/qrcode cliui@6.0.0 OK for: yargs@15.4.1 want: ^6.0.0
68 silly placeDep ROOT decamelize@1.2.0 OK for: yargs@15.4.1 want: ^1.2.0
69 silly placeDep ROOT find-up@4.1.0 OK for: yargs@15.4.1 want: ^4.1.0
70 silly placeDep ROOT require-main-filename@2.0.0 OK for: yargs@15.4.1 want: ^2.0.0
71 silly placeDep ROOT set-blocking@2.0.0 OK for: yargs@15.4.1 want: ^2.0.0
72 silly placeDep ROOT which-module@2.0.1 OK for: yargs@15.4.1 want: ^2.0.0
73 silly placeDep node_modules/qrcode y18n@4.0.3 OK for: yargs@15.4.1 want: ^4.0.0
74 silly placeDep node_modules/qrcode yargs-parser@18.1.3 OK for: yargs@15.4.1 want: ^18.1.2
75 silly fetch manifest wrap-ansi@^6.2.0
76 silly packumentCache full:https://registry.npmjs.org/wrap-ansi cache-miss
77 silly fetch manifest locate-path@^5.0.0
78 silly packumentCache full:https://registry.npmjs.org/locate-path cache-miss
79 silly fetch manifest path-exists@^4.0.0
80 silly packumentCache full:https://registry.npmjs.org/path-exists cache-miss
81 silly fetch manifest camelcase@^5.0.0
82 silly packumentCache full:https://registry.npmjs.org/camelcase cache-miss
83 http fetch GET 200 https://registry.npmjs.org/wrap-ansi 179ms (cache revalidated)
84 silly packumentCache full:https://registry.npmjs.org/wrap-ansi set size:55299 disposed:false
85 http fetch GET 200 https://registry.npmjs.org/camelcase 187ms (cache miss)
86 silly packumentCache full:https://registry.npmjs.org/camelcase set size:undefined disposed:false
87 http fetch GET 200 https://registry.npmjs.org/locate-path 217ms (cache miss)
88 silly packumentCache full:https://registry.npmjs.org/locate-path set size:undefined disposed:false
89 http fetch GET 200 https://registry.npmjs.org/path-exists 368ms (cache miss)
90 silly packumentCache full:https://registry.npmjs.org/path-exists set size:undefined disposed:false
91 silly placeDep ROOT locate-path@5.0.0 OK for: find-up@4.1.0 want: ^5.0.0
92 silly placeDep ROOT path-exists@4.0.0 OK for: find-up@4.1.0 want: ^4.0.0
93 silly fetch manifest p-locate@^4.1.0
94 silly packumentCache full:https://registry.npmjs.org/p-locate cache-miss
95 http fetch GET 200 https://registry.npmjs.org/p-locate 383ms (cache miss)
96 silly packumentCache full:https://registry.npmjs.org/p-locate set size:undefined disposed:false
97 silly placeDep ROOT p-locate@4.1.0 OK for: locate-path@5.0.0 want: ^4.1.0
98 silly fetch manifest p-limit@^2.2.0
99 silly packumentCache full:https://registry.npmjs.org/p-limit cache-miss
100 http fetch GET 200 https://registry.npmjs.org/p-limit 195ms (cache revalidated)
101 silly packumentCache full:https://registry.npmjs.org/p-limit set size:61867 disposed:false
102 silly placeDep ROOT p-limit@2.3.0 OK for: p-locate@4.1.0 want: ^2.2.0
103 silly fetch manifest p-try@^2.0.0
104 silly packumentCache full:https://registry.npmjs.org/p-try cache-miss
105 http fetch GET 200 https://registry.npmjs.org/p-try 199ms (cache miss)
106 silly packumentCache full:https://registry.npmjs.org/p-try set size:undefined disposed:false
107 silly placeDep ROOT p-try@2.2.0 OK for: p-limit@2.3.0 want: ^2.0.0
108 silly placeDep node_modules/qrcode wrap-ansi@6.2.0 OK for: cliui@6.0.0 want: ^6.2.0
109 silly placeDep ROOT camelcase@5.3.1 OK for: yargs-parser@18.1.3 want: ^5.0.0
110 silly fetch manifest esbuild@^0.27.0 || ^0.28.0
111 silly packumentCache full:https://registry.npmjs.org/esbuild cache-miss
112 http fetch GET 200 https://registry.npmjs.org/esbuild 682ms (cache miss)
113 silly packumentCache full:https://registry.npmjs.org/esbuild set size:undefined disposed:false
114 silly placeDep node_modules/vitest esbuild@0.28.0 OK for: vite@8.0.10 want: ^0.27.0 || ^0.28.0
115 silly fetch manifest @esbuild/aix-ppc64@0.28.0
116 silly packumentCache full:https://registry.npmjs.org/@esbuild%2faix-ppc64 cache-miss
117 silly fetch manifest @esbuild/android-arm@0.28.0
118 silly packumentCache full:https://registry.npmjs.org/@esbuild%2fandroid-arm cache-miss
119 silly fetch manifest @esbuild/android-arm64@0.28.0
120 silly packumentCache full:https://registry.npmjs.org/@esbuild%2fandroid-arm64 cache-miss
121 silly fetch manifest @esbuild/android-x64@0.28.0
122 silly packumentCache full:https://registry.npmjs.org/@esbuild%2fandroid-x64 cache-miss
123 silly fetch manifest @esbuild/darwin-arm64@0.28.0
124 silly packumentCache full:https://registry.npmjs.org/@esbuild%2fdarwin-arm64 cache-miss
125 silly fetch manifest @esbuild/darwin-x64@0.28.0
126 silly packumentCache full:https://registry.npmjs.org/@esbuild%2fdarwin-x64 cache-miss
127 silly fetch manifest @esbuild/freebsd-arm64@0.28.0
128 silly packumentCache full:https://registry.npmjs.org/@esbuild%2ffreebsd-arm64 cache-miss
129 http fetch GET 200 https://registry.npmjs.org/@esbuild%2faix-ppc64 270ms (cache miss)
130 silly packumentCache full:https://registry.npmjs.org/@esbuild%2faix-ppc64 set size:undefined disposed:false
131 silly fetch manifest @esbuild/freebsd-x64@0.28.0
132 silly packumentCache full:https://registry.npmjs.org/@esbuild%2ffreebsd-x64 cache-miss
133 http fetch GET 200 https://registry.npmjs.org/@esbuild%2fandroid-x64 570ms (cache miss)
134 silly packumentCache full:https://registry.npmjs.org/@esbuild%2fandroid-x64 set size:undefined disposed:false
135 silly fetch manifest @esbuild/linux-arm@0.28.0
136 silly packumentCache full:https://registry.npmjs.org/@esbuild%2flinux-arm cache-miss
137 http fetch GET 200 https://registry.npmjs.org/@esbuild%2fandroid-arm 638ms (cache miss)
138 silly packumentCache full:https://registry.npmjs.org/@esbuild%2fandroid-arm set size:undefined disposed:false
139 silly fetch manifest @esbuild/linux-arm64@0.28.0
140 silly packumentCache full:https://registry.npmjs.org/@esbuild%2flinux-arm64 cache-miss
141 http fetch GET 200 https://registry.npmjs.org/@esbuild%2fdarwin-arm64 698ms (cache miss)
142 silly packumentCache full:https://registry.npmjs.org/@esbuild%2fdarwin-arm64 set size:undefined disposed:false
143 silly fetch manifest @esbuild/linux-ia32@0.28.0
144 silly packumentCache full:https://registry.npmjs.org/@esbuild%2flinux-ia32 cache-miss
145 http fetch GET 200 https://registry.npmjs.org/@esbuild%2fandroid-arm64 706ms (cache miss)
146 silly packumentCache full:https://registry.npmjs.org/@esbuild%2fandroid-arm64 set size:undefined disposed:false
147 silly fetch manifest @esbuild/linux-loong64@0.28.0
148 silly packumentCache full:https://registry.npmjs.org/@esbuild%2flinux-loong64 cache-miss
149 http fetch GET 200 https://registry.npmjs.org/@esbuild%2fdarwin-x64 785ms (cache miss)
150 silly packumentCache full:https://registry.npmjs.org/@esbuild%2fdarwin-x64 set size:undefined disposed:false
151 silly fetch manifest @esbuild/linux-mips64el@0.28.0
152 silly packumentCache full:https://registry.npmjs.org/@esbuild%2flinux-mips64el cache-miss
153 http fetch GET 200 https://registry.npmjs.org/@esbuild%2ffreebsd-arm64 790ms (cache miss)
154 silly packumentCache full:https://registry.npmjs.org/@esbuild%2ffreebsd-arm64 set size:undefined disposed:false
155 silly fetch manifest @esbuild/linux-ppc64@0.28.0
156 silly packumentCache full:https://registry.npmjs.org/@esbuild%2flinux-ppc64 cache-miss
157 http fetch GET 200 https://registry.npmjs.org/@esbuild%2ffreebsd-x64 713ms (cache miss)
158 silly packumentCache full:https://registry.npmjs.org/@esbuild%2ffreebsd-x64 set size:undefined disposed:false
159 silly fetch manifest @esbuild/linux-riscv64@0.28.0
160 silly packumentCache full:https://registry.npmjs.org/@esbuild%2flinux-riscv64 cache-miss
161 http fetch GET 200 https://registry.npmjs.org/@esbuild%2flinux-arm64 564ms (cache miss)
162 silly packumentCache full:https://registry.npmjs.org/@esbuild%2flinux-arm64 set size:undefined disposed:false
163 silly fetch manifest @esbuild/linux-s390x@0.28.0
164 silly packumentCache full:https://registry.npmjs.org/@esbuild%2flinux-s390x cache-miss
165 http fetch GET 200 https://registry.npmjs.org/@esbuild%2flinux-mips64el 456ms (cache miss)
166 silly packumentCache full:https://registry.npmjs.org/@esbuild%2flinux-mips64el set size:undefined disposed:false
167 silly fetch manifest @esbuild/linux-x64@0.28.0
168 silly packumentCache full:https://registry.npmjs.org/@esbuild%2flinux-x64 cache-miss
169 http fetch GET 200 https://registry.npmjs.org/@esbuild%2flinux-arm 678ms (cache miss)
170 silly packumentCache full:https://registry.npmjs.org/@esbuild%2flinux-arm set size:undefined disposed:false
171 silly fetch manifest @esbuild/netbsd-arm64@0.28.0
172 silly packumentCache full:https://registry.npmjs.org/@esbuild%2fnetbsd-arm64 cache-miss
173 http fetch GET 200 https://registry.npmjs.org/@esbuild%2flinux-ppc64 523ms (cache miss)
174 silly packumentCache full:https://registry.npmjs.org/@esbuild%2flinux-ppc64 set size:undefined disposed:false
175 silly fetch manifest @esbuild/netbsd-x64@0.28.0
176 silly packumentCache full:https://registry.npmjs.org/@esbuild%2fnetbsd-x64 cache-miss
177 http fetch GET 200 https://registry.npmjs.org/@esbuild%2flinux-ia32 626ms (cache miss)
178 silly packumentCache full:https://registry.npmjs.org/@esbuild%2flinux-ia32 set size:undefined disposed:false
179 silly fetch manifest @esbuild/openbsd-arm64@0.28.0
180 silly packumentCache full:https://registry.npmjs.org/@esbuild%2fopenbsd-arm64 cache-miss
181 http fetch GET 200 https://registry.npmjs.org/@esbuild%2flinux-loong64 734ms (cache miss)
182 silly packumentCache full:https://registry.npmjs.org/@esbuild%2flinux-loong64 set size:undefined disposed:false
183 silly fetch manifest @esbuild/openbsd-x64@0.28.0
184 silly packumentCache full:https://registry.npmjs.org/@esbuild%2fopenbsd-x64 cache-miss
185 http fetch GET 200 https://registry.npmjs.org/@esbuild%2flinux-riscv64 532ms (cache miss)
186 silly packumentCache full:https://registry.npmjs.org/@esbuild%2flinux-riscv64 set size:undefined disposed:false
187 silly fetch manifest @esbuild/openharmony-arm64@0.28.0
188 silly packumentCache full:https://registry.npmjs.org/@esbuild%2fopenharmony-arm64 cache-miss
189 http fetch GET 200 https://registry.npmjs.org/@esbuild%2fnetbsd-arm64 415ms (cache miss)
190 silly packumentCache full:https://registry.npmjs.org/@esbuild%2fnetbsd-arm64 set size:undefined disposed:false
191 silly fetch manifest @esbuild/sunos-x64@0.28.0
192 silly packumentCache full:https://registry.npmjs.org/@esbuild%2fsunos-x64 cache-miss
193 http fetch GET 200 https://registry.npmjs.org/@esbuild%2flinux-s390x 462ms (cache miss)
194 silly packumentCache full:https://registry.npmjs.org/@esbuild%2flinux-s390x set size:undefined disposed:false
195 silly fetch manifest @esbuild/win32-arm64@0.28.0
196 silly packumentCache full:https://registry.npmjs.org/@esbuild%2fwin32-arm64 cache-miss
197 http fetch GET 200 https://registry.npmjs.org/@esbuild%2flinux-x64 594ms (cache miss)
198 silly packumentCache full:https://registry.npmjs.org/@esbuild%2flinux-x64 set size:undefined disposed:false
199 silly fetch manifest @esbuild/win32-ia32@0.28.0
200 silly packumentCache full:https://registry.npmjs.org/@esbuild%2fwin32-ia32 cache-miss
201 http fetch GET 200 https://registry.npmjs.org/@esbuild%2fopenharmony-arm64 328ms (cache miss)
202 silly packumentCache full:https://registry.npmjs.org/@esbuild%2fopenharmony-arm64 set size:undefined disposed:false
203 silly fetch manifest @esbuild/win32-x64@0.28.0
204 silly packumentCache full:https://registry.npmjs.org/@esbuild%2fwin32-x64 cache-miss
205 http fetch GET 200 https://registry.npmjs.org/@esbuild%2fnetbsd-x64 701ms (cache miss)
206 silly packumentCache full:https://registry.npmjs.org/@esbuild%2fnetbsd-x64 set size:undefined disposed:false
207 http fetch GET 200 https://registry.npmjs.org/@esbuild%2fopenbsd-x64 668ms (cache miss)
208 silly packumentCache full:https://registry.npmjs.org/@esbuild%2fopenbsd-x64 set size:undefined disposed:false
209 http fetch GET 200 https://registry.npmjs.org/@esbuild%2fwin32-arm64 451ms (cache miss)
210 silly packumentCache full:https://registry.npmjs.org/@esbuild%2fwin32-arm64 set size:undefined disposed:false
211 http fetch GET 200 https://registry.npmjs.org/@esbuild%2fwin32-x64 451ms (cache miss)
212 silly packumentCache full:https://registry.npmjs.org/@esbuild%2fwin32-x64 set size:undefined disposed:false
213 http fetch GET 200 https://registry.npmjs.org/@esbuild%2fsunos-x64 796ms (cache miss)
214 silly packumentCache full:https://registry.npmjs.org/@esbuild%2fsunos-x64 set size:undefined disposed:false
215 http fetch GET 200 https://registry.npmjs.org/@esbuild%2fwin32-ia32 658ms (cache miss)
216 silly packumentCache full:https://registry.npmjs.org/@esbuild%2fwin32-ia32 set size:undefined disposed:false
217 http fetch GET 200 https://registry.npmjs.org/@esbuild%2fopenbsd-arm64 1232ms (cache miss)
218 silly packumentCache full:https://registry.npmjs.org/@esbuild%2fopenbsd-arm64 set size:undefined disposed:false
219 silly placeDep node_modules/vitest @esbuild/aix-ppc64@0.28.0 OK for: esbuild@0.28.0 want: 0.28.0
220 silly placeDep node_modules/vitest @esbuild/android-arm@0.28.0 OK for: esbuild@0.28.0 want: 0.28.0
221 silly placeDep node_modules/vitest @esbuild/android-arm64@0.28.0 OK for: esbuild@0.28.0 want: 0.28.0
222 silly placeDep node_modules/vitest @esbuild/android-x64@0.28.0 OK for: esbuild@0.28.0 want: 0.28.0
223 silly placeDep node_modules/vitest @esbuild/darwin-arm64@0.28.0 OK for: esbuild@0.28.0 want: 0.28.0
224 silly placeDep node_modules/vitest @esbuild/darwin-x64@0.28.0 OK for: esbuild@0.28.0 want: 0.28.0
225 silly placeDep node_modules/vitest @esbuild/freebsd-arm64@0.28.0 OK for: esbuild@0.28.0 want: 0.28.0
226 silly placeDep node_modules/vitest @esbuild/freebsd-x64@0.28.0 OK for: esbuild@0.28.0 want: 0.28.0
227 silly placeDep node_modules/vitest @esbuild/linux-arm@0.28.0 OK for: esbuild@0.28.0 want: 0.28.0
228 silly placeDep node_modules/vitest @esbuild/linux-arm64@0.28.0 OK for: esbuild@0.28.0 want: 0.28.0
229 silly placeDep node_modules/vitest @esbuild/linux-ia32@0.28.0 OK for: esbuild@0.28.0 want: 0.28.0
230 silly placeDep node_modules/vitest @esbuild/linux-loong64@0.28.0 OK for: esbuild@0.28.0 want: 0.28.0
231 silly placeDep node_modules/vitest @esbuild/linux-mips64el@0.28.0 OK for: esbuild@0.28.0 want: 0.28.0
232 silly placeDep node_modules/vitest @esbuild/linux-ppc64@0.28.0 OK for: esbuild@0.28.0 want: 0.28.0
233 silly placeDep node_modules/vitest @esbuild/linux-riscv64@0.28.0 OK for: esbuild@0.28.0 want: 0.28.0
234 silly placeDep node_modules/vitest @esbuild/linux-s390x@0.28.0 OK for: esbuild@0.28.0 want: 0.28.0
235 silly placeDep node_modules/vitest @esbuild/linux-x64@0.28.0 OK for: esbuild@0.28.0 want: 0.28.0
236 silly placeDep ROOT @esbuild/netbsd-arm64@0.28.0 OK for: esbuild@0.28.0 want: 0.28.0
237 silly placeDep node_modules/vitest @esbuild/netbsd-x64@0.28.0 OK for: esbuild@0.28.0 want: 0.28.0
238 silly placeDep ROOT @esbuild/openbsd-arm64@0.28.0 OK for: esbuild@0.28.0 want: 0.28.0
239 silly placeDep node_modules/vitest @esbuild/openbsd-x64@0.28.0 OK for: esbuild@0.28.0 want: 0.28.0
240 silly placeDep ROOT @esbuild/openharmony-arm64@0.28.0 OK for: esbuild@0.28.0 want: 0.28.0
241 silly placeDep node_modules/vitest @esbuild/sunos-x64@0.28.0 OK for: esbuild@0.28.0 want: 0.28.0
242 silly placeDep node_modules/vitest @esbuild/win32-arm64@0.28.0 OK for: esbuild@0.28.0 want: 0.28.0
243 silly placeDep node_modules/vitest @esbuild/win32-ia32@0.28.0 OK for: esbuild@0.28.0 want: 0.28.0
244 silly placeDep node_modules/vitest @esbuild/win32-x64@0.28.0 OK for: esbuild@0.28.0 want: 0.28.0
245 silly reify moves {}
246 silly audit bulk request {
246 silly audit   '@emnapi/core': [ '1.10.0' ],
246 silly audit   '@emnapi/runtime': [ '1.10.0' ],
246 silly audit   '@emnapi/wasi-threads': [ '1.2.1' ],
246 silly audit   '@esbuild/aix-ppc64': [ '0.21.5' ],
246 silly audit   '@esbuild/android-arm': [ '0.21.5' ],
246 silly audit   '@esbuild/android-arm64': [ '0.21.5' ],
246 silly audit   '@esbuild/android-x64': [ '0.21.5' ],
246 silly audit   '@esbuild/darwin-arm64': [ '0.21.5' ],
246 silly audit   '@esbuild/darwin-x64': [ '0.21.5' ],
246 silly audit   '@esbuild/freebsd-arm64': [ '0.21.5' ],
246 silly audit   '@esbuild/freebsd-x64': [ '0.21.5' ],
246 silly audit   '@esbuild/linux-arm': [ '0.21.5' ],
246 silly audit   '@esbuild/linux-arm64': [ '0.21.5' ],
246 silly audit   '@esbuild/linux-ia32': [ '0.21.5' ],
246 silly audit   '@esbuild/linux-loong64': [ '0.21.5' ],
246 silly audit   '@esbuild/linux-mips64el': [ '0.21.5' ],
246 silly audit   '@esbuild/linux-ppc64': [ '0.21.5' ],
246 silly audit   '@esbuild/linux-riscv64': [ '0.21.5' ],
246 silly audit   '@esbuild/linux-s390x': [ '0.21.5' ],
246 silly audit   '@esbuild/linux-x64': [ '0.21.5' ],
246 silly audit   '@esbuild/netbsd-x64': [ '0.21.5' ],
246 silly audit   '@esbuild/openbsd-x64': [ '0.21.5' ],
246 silly audit   '@esbuild/sunos-x64': [ '0.21.5' ],
246 silly audit   '@esbuild/win32-arm64': [ '0.21.5' ],
246 silly audit   '@esbuild/win32-ia32': [ '0.21.5' ],
246 silly audit   '@esbuild/win32-x64': [ '0.21.5' ],
246 silly audit   '@firebase/ai': [ '2.11.1' ],
246 silly audit   '@firebase/analytics': [ '0.10.21' ],
246 silly audit   '@firebase/analytics-compat': [ '0.2.27' ],
246 silly audit   '@firebase/analytics-types': [ '0.8.3' ],
246 silly audit   '@firebase/app': [ '0.14.11' ],
246 silly audit   '@firebase/app-check': [ '0.11.2' ],
246 silly audit   '@firebase/app-check-compat': [ '0.4.2' ],
246 silly audit   '@firebase/app-check-interop-types': [ '0.3.3' ],
246 silly audit   '@firebase/app-check-types': [ '0.5.3' ],
246 silly audit   '@firebase/app-compat': [ '0.5.11' ],
246 silly audit   '@firebase/app-types': [ '0.9.4' ],
246 silly audit   '@firebase/auth': [ '1.13.0' ],
246 silly audit   '@firebase/auth-compat': [ '0.6.5' ],
246 silly audit   '@firebase/auth-interop-types': [ '0.2.4' ],
246 silly audit   '@firebase/auth-types': [ '0.13.0' ],
246 silly audit   '@firebase/component': [ '0.7.2' ],
246 silly audit   '@firebase/data-connect': [ '0.6.0' ],
246 silly audit   '@firebase/database': [ '1.1.2' ],
246 silly audit   '@firebase/database-compat': [ '2.1.3' ],
246 silly audit   '@firebase/database-types': [ '1.0.19' ],
246 silly audit   '@firebase/firestore': [ '4.14.0' ],
246 silly audit   '@firebase/firestore-compat': [ '0.4.8' ],
246 silly audit   '@firebase/firestore-types': [ '3.0.3' ],
246 silly audit   '@firebase/functions': [ '0.13.3' ],
246 silly audit   '@firebase/functions-compat': [ '0.4.3' ],
246 silly audit   '@firebase/functions-types': [ '0.6.3' ],
246 silly audit   '@firebase/installations': [ '0.6.21' ],
246 silly audit   '@firebase/installations-compat': [ '0.2.21' ],
246 silly audit   '@firebase/installations-types': [ '0.5.3' ],
246 silly audit   '@firebase/logger': [ '0.5.0' ],
246 silly audit   '@firebase/messaging': [ '0.12.25' ],
246 silly audit   '@firebase/messaging-compat': [ '0.2.25' ],
246 silly audit   '@firebase/messaging-interop-types': [ '0.2.3' ],
246 silly audit   '@firebase/performance': [ '0.7.11' ],
246 silly audit   '@firebase/performance-compat': [ '0.2.24' ],
246 silly audit   '@firebase/performance-types': [ '0.2.3' ],
246 silly audit   'web-vitals': [ '4.2.4', '5.2.0' ],
246 silly audit   '@firebase/remote-config': [ '0.8.2' ],
246 silly audit   '@firebase/remote-config-compat': [ '0.2.23' ],
246 silly audit   '@firebase/remote-config-types': [ '0.5.0' ],
246 silly audit   '@firebase/rules-unit-testing': [ '5.0.0' ],
246 silly audit   '@firebase/storage': [ '0.14.2' ],
246 silly audit   '@firebase/storage-compat': [ '0.4.2' ],
246 silly audit   '@firebase/storage-types': [ '0.8.3' ],
246 silly audit   '@firebase/util': [ '1.15.0' ],
246 silly audit   '@firebase/webchannel-wrapper': [ '1.0.5' ],
246 silly audit   '@grpc/grpc-js': [ '1.9.15' ],
246 silly audit   '@grpc/proto-loader': [ '0.7.15' ],
246 silly audit   '@jridgewell/sourcemap-codec': [ '1.5.5' ],
246 silly audit   '@napi-rs/wasm-runtime': [ '1.1.4' ],
246 silly audit   '@opentelemetry/api': [ '1.9.1' ],
246 silly audit   '@opentelemetry/api-logs': [ '0.208.0' ],
246 silly audit   '@opentelemetry/core': [ '2.2.0', '2.7.1' ],
246 silly audit   '@opentelemetry/exporter-logs-otlp-http': [ '0.208.0' ],
246 silly audit   '@opentelemetry/otlp-exporter-base': [ '0.208.0' ],
246 silly audit   '@opentelemetry/otlp-transformer': [ '0.208.0' ],
246 silly audit   '@opentelemetry/resources': [ '2.2.0', '2.7.1' ],
246 silly audit   '@opentelemetry/sdk-logs': [ '0.208.0' ],
246 silly audit   '@opentelemetry/sdk-metrics': [ '2.2.0' ],
246 silly audit   '@opentelemetry/sdk-trace-base': [ '2.2.0' ],
246 silly audit   '@opentelemetry/semantic-conventions': [ '1.40.0' ],
246 silly audit   '@oxc-project/types': [ '0.127.0' ],
246 silly audit   '@posthog/core': [ '1.28.0' ],
246 silly audit   '@posthog/types': [ '1.372.6' ],
246 silly audit   '@protobufjs/aspromise': [ '1.1.2' ],
246 silly audit   '@protobufjs/base64': [ '1.1.2' ],
246 silly audit   '@protobufjs/codegen': [ '2.0.5' ],
246 silly audit   '@protobufjs/eventemitter': [ '1.1.0' ],
246 silly audit   '@protobufjs/fetch': [ '1.1.0' ],
246 silly audit   '@protobufjs/float': [ '1.0.2' ],
246 silly audit   '@protobufjs/inquire': [ '1.1.1' ],
246 silly audit   '@protobufjs/path': [ '1.1.2' ],
246 silly audit   '@protobufjs/pool': [ '1.1.0' ],
246 silly audit   '@protobufjs/utf8': [ '1.1.1' ],
246 silly audit   '@rolldown/binding-android-arm64': [ '1.0.0-rc.17' ],
246 silly audit   '@rolldown/binding-darwin-arm64': [ '1.0.0-rc.17' ],
246 silly audit   '@rolldown/binding-darwin-x64': [ '1.0.0-rc.17' ],
246 silly audit   '@rolldown/binding-freebsd-x64': [ '1.0.0-rc.17' ],
246 silly audit   '@rolldown/binding-linux-arm-gnueabihf': [ '1.0.0-rc.17' ],
246 silly audit   '@rolldown/binding-linux-arm64-gnu': [ '1.0.0-rc.17' ],
246 silly audit   '@rolldown/binding-linux-arm64-musl': [ '1.0.0-rc.17' ],
246 silly audit   '@rolldown/binding-linux-ppc64-gnu': [ '1.0.0-rc.17' ],
246 silly audit   '@rolldown/binding-linux-s390x-gnu': [ '1.0.0-rc.17' ],
246 silly audit   '@rolldown/binding-linux-x64-gnu': [ '1.0.0-rc.17' ],
246 silly audit   '@rolldown/binding-linux-x64-musl': [ '1.0.0-rc.17' ],
246 silly audit   '@rolldown/binding-openharmony-arm64': [ '1.0.0-rc.17' ],
246 silly audit   '@rolldown/binding-wasm32-wasi': [ '1.0.0-rc.17' ],
246 silly audit   '@rolldown/binding-win32-arm64-msvc': [ '1.0.0-rc.17' ],
246 silly audit   '@rolldown/binding-win32-x64-msvc': [ '1.0.0-rc.17' ],
246 silly audit   '@rolldown/pluginutils': [ '1.0.0-rc.17' ],
246 silly audit   '@rollup/rollup-android-arm-eabi': [ '4.60.2' ],
246 silly audit   '@rollup/rollup-android-arm64': [ '4.60.2' ],
246 silly audit   '@rollup/rollup-darwin-arm64': [ '4.60.2' ],
246 silly audit   '@rollup/rollup-darwin-x64': [ '4.60.2' ],
246 silly audit   '@rollup/rollup-freebsd-arm64': [ '4.60.2' ],
246 silly audit   '@rollup/rollup-freebsd-x64': [ '4.60.2' ],
246 silly audit   '@rollup/rollup-linux-arm-gnueabihf': [ '4.60.2' ],
246 silly audit   '@rollup/rollup-linux-arm-musleabihf': [ '4.60.2' ],
246 silly audit   '@rollup/rollup-linux-arm64-gnu': [ '4.60.2' ],
246 silly audit   '@rollup/rollup-linux-arm64-musl': [ '4.60.2' ],
246 silly audit   '@rollup/rollup-linux-loong64-gnu': [ '4.60.2' ],
246 silly audit   '@rollup/rollup-linux-loong64-musl': [ '4.60.2' ],
246 silly audit   '@rollup/rollup-linux-ppc64-gnu': [ '4.60.2' ],
246 silly audit   '@rollup/rollup-linux-ppc64-musl': [ '4.60.2' ],
246 silly audit   '@rollup/rollup-linux-riscv64-gnu': [ '4.60.2' ],
246 silly audit   '@rollup/rollup-linux-riscv64-musl': [ '4.60.2' ],
246 silly audit   '@rollup/rollup-linux-s390x-gnu': [ '4.60.2' ],
246 silly audit   '@rollup/rollup-linux-x64-gnu': [ '4.60.2' ],
246 silly audit   '@rollup/rollup-linux-x64-musl': [ '4.60.2' ],
246 silly audit   '@rollup/rollup-openbsd-x64': [ '4.60.2' ],
246 silly audit   '@rollup/rollup-openharmony-arm64': [ '4.60.2' ],
246 silly audit   '@rollup/rollup-win32-arm64-msvc': [ '4.60.2' ],
246 silly audit   '@rollup/rollup-win32-ia32-msvc': [ '4.60.2' ],
246 silly audit   '@rollup/rollup-win32-x64-gnu': [ '4.60.2' ],
246 silly audit   '@rollup/rollup-win32-x64-msvc': [ '4.60.2' ],
246 silly audit   '@sentry-internal/browser-utils': [ '10.51.0' ],
246 silly audit   '@sentry-internal/feedback': [ '10.51.0' ],
246 silly audit   '@sentry-internal/replay': [ '10.51.0' ],
246 silly audit   '@sentry-internal/replay-canvas': [ '10.51.0' ],
246 silly audit   '@sentry/browser': [ '10.51.0' ],
246 silly audit   '@sentry/core': [ '10.51.0' ],
246 silly audit   '@standard-schema/spec': [ '1.1.0' ],
246 silly audit   '@tybys/wasm-util': [ '0.10.2' ],
246 silly audit   '@types/chai': [ '5.2.3' ],
246 silly audit   '@types/deep-eql': [ '4.0.2' ],
246 silly audit   '@types/estree': [ '1.0.8' ],
246 silly audit   '@types/node': [ '25.6.0' ],
246 silly audit   '@types/stats.js': [ '0.17.4' ],
246 silly audit   '@types/three': [ '0.160.0' ],
246 silly audit   '@types/trusted-types': [ '2.0.7' ],
246 silly audit   '@types/webxr': [ '0.5.24' ],
246 silly audit   '@vitest/expect': [ '4.1.5' ],
246 silly audit   '@vitest/pretty-format': [ '4.1.5' ],
246 silly audit   '@vitest/runner': [ '4.1.5' ],
246 silly audit   '@vitest/snapshot': [ '4.1.5' ],
246 silly audit   '@vitest/spy': [ '4.1.5' ],
246 silly audit   '@vitest/utils': [ '4.1.5' ],
246 silly audit   'ansi-regex': [ '5.0.1' ],
246 silly audit   'ansi-styles': [ '4.3.0' ],
246 silly audit   'assertion-error': [ '2.0.1' ],
246 silly audit   chai: [ '6.2.2' ],
246 silly audit   cliui: [ '8.0.1', '6.0.0' ],
246 silly audit   'color-convert': [ '2.0.1' ],
246 silly audit   'color-name': [ '1.1.4' ],
246 silly audit   'convert-source-map': [ '2.0.0' ],
246 silly audit   'core-js': [ '3.49.0' ],
246 silly audit   'detect-libc': [ '2.1.2' ],
246 silly audit   dompurify: [ '3.4.2' ],
246 silly audit   'emoji-regex': [ '8.0.0' ],
246 silly audit   'es-module-lexer': [ '2.1.0' ],
246 silly audit   esbuild: [ '0.21.5' ],
246 silly audit   escalade: [ '3.2.0' ],
246 silly audit   'estree-walker': [ '3.0.3' ],
246 silly audit   'expect-type': [ '1.3.0' ],
246 silly audit   'faye-websocket': [ '0.11.4' ],
246 silly audit   fdir: [ '6.5.0' ],
246 silly audit   fflate: [ '0.6.10', '0.4.8' ],
246 silly audit   firebase: [ '12.12.1' ],
246 silly audit   fsevents: [ '2.3.3' ],
246 silly audit   'get-caller-file': [ '2.0.5' ],
246 silly audit   'http-parser-js': [ '0.5.10' ],
246 silly audit   idb: [ '7.1.1' ],
246 silly audit   'is-fullwidth-code-point': [ '3.0.0' ],
246 silly audit   lightningcss: [ '1.32.0' ],
246 silly audit   'lightningcss-android-arm64': [ '1.32.0' ],
246 silly audit   'lightningcss-darwin-arm64': [ '1.32.0' ],
246 silly audit   'lightningcss-darwin-x64': [ '1.32.0' ],
246 silly audit   'lightningcss-freebsd-x64': [ '1.32.0' ],
246 silly audit   'lightningcss-linux-arm-gnueabihf': [ '1.32.0' ],
246 silly audit   'lightningcss-linux-arm64-gnu': [ '1.32.0' ],
246 silly audit   'lightningcss-linux-arm64-musl': [ '1.32.0' ],
246 silly audit   'lightningcss-linux-x64-gnu': [ '1.32.0' ],
246 silly audit   'lightningcss-linux-x64-musl': [ '1.32.0' ],
246 silly audit   'lightningcss-win32-arm64-msvc': [ '1.32.0' ],
246 silly audit   'lightningcss-win32-x64-msvc': [ '1.32.0' ],
246 silly audit   'lodash.camelcase': [ '4.3.0' ],
246 silly audit   long: [ '5.3.2' ],
246 silly audit   'magic-string': [ '0.30.21' ],
246 silly audit   meshoptimizer: [ '0.18.1' ],
246 silly audit   nanoid: [ '3.3.12' ],
246 silly audit   obug: [ '2.1.1' ],
246 silly audit   pathe: [ '2.0.3' ],
246 silly audit   picocolors: [ '1.1.1' ],
246 silly audit   picomatch: [ '4.0.4' ],
246 silly audit   'playwright-core': [ '1.60.0' ],
246 silly audit   postcss: [ '8.5.13' ],
246 silly audit   'posthog-js': [ '1.372.6' ],
246 silly audit   preact: [ '10.29.1' ],
246 silly audit   protobufjs: [ '7.5.6' ],
246 silly audit   'query-selector-shadow-dom': [ '1.0.1' ],
246 silly audit   'require-directory': [ '2.1.1' ],
246 silly audit   rolldown: [ '1.0.0-rc.17' ],
246 silly audit   rollup: [ '4.60.2' ],
246 silly audit   'safe-buffer': [ '5.2.1' ],
246 silly audit   siginfo: [ '2.0.0' ],
246 silly audit   'source-map-js': [ '1.2.1' ],
246 silly audit   stackback: [ '0.0.2' ],
246 silly audit   'std-env': [ '4.1.0' ],
246 silly audit   'string-width': [ '4.2.3' ],
246 silly audit   'strip-ansi': [ '6.0.1' ],
246 silly audit   three: [ '0.160.1' ],
246 silly audit   tinybench: [ '2.9.0' ],
246 silly audit   tinyexec: [ '1.1.2' ],
246 silly audit   tinyglobby: [ '0.2.16' ],
246 silly audit   tinyrainbow: [ '3.1.0' ],
246 silly audit   tslib: [ '2.8.1' ],
246 silly audit   typescript: [ '5.9.3' ],
246 silly audit   'undici-types': [ '7.19.2' ],
246 silly audit   vite: [ '5.4.21', '8.0.10' ],
246 silly audit   vitest: [ '4.1.5' ],
246 silly audit   '@vitest/mocker': [ '4.1.5' ],
246 silly audit   'websocket-driver': [ '0.7.4' ],
246 silly audit   'websocket-extensions': [ '0.1.4' ],
246 silly audit   'why-is-node-running': [ '2.3.0' ],
246 silly audit   'wrap-ansi': [ '7.0.0', '6.2.0' ],
246 silly audit   y18n: [ '5.0.8', '4.0.3' ],
246 silly audit   yargs: [ '17.7.2', '15.4.1' ],
246 silly audit   'yargs-parser': [ '21.1.1', '18.1.3' ],
246 silly audit   zod: [ '4.4.2' ],
246 silly audit   qrcode: [ '1.5.4' ],
246 silly audit   dijkstrajs: [ '1.0.3' ],
246 silly audit   pngjs: [ '5.0.0' ],
246 silly audit   decamelize: [ '1.2.0' ],
246 silly audit   'find-up': [ '4.1.0' ],
246 silly audit   'require-main-filename': [ '2.0.0' ],
246 silly audit   'set-blocking': [ '2.0.0' ],
246 silly audit   'which-module': [ '2.0.1' ],
246 silly audit   'locate-path': [ '5.0.0' ],
246 silly audit   'path-exists': [ '4.0.0' ],
246 silly audit   'p-locate': [ '4.1.0' ],
246 silly audit   'p-limit': [ '2.3.0' ],
246 silly audit   'p-try': [ '2.2.0' ],
246 silly audit   camelcase: [ '5.3.1' ]
246 silly audit }
247 http cache camelcase@https://registry.npmjs.org/camelcase/-/camelcase-5.3.1.tgz 1ms (cache hit)
248 http cache p-try@https://registry.npmjs.org/p-try/-/p-try-2.2.0.tgz 0ms (cache hit)
249 http cache p-locate@https://registry.npmjs.org/p-locate/-/p-locate-4.1.0.tgz 1ms (cache hit)
250 http cache locate-path@https://registry.npmjs.org/locate-path/-/locate-path-5.0.0.tgz 0ms (cache hit)
251 http cache which-module@https://registry.npmjs.org/which-module/-/which-module-2.0.1.tgz 0ms (cache hit)
252 http cache set-blocking@https://registry.npmjs.org/set-blocking/-/set-blocking-2.0.0.tgz 0ms (cache hit)
253 http cache require-main-filename@https://registry.npmjs.org/require-main-filename/-/require-main-filename-2.0.0.tgz 0ms (cache hit)
254 http cache find-up@https://registry.npmjs.org/find-up/-/find-up-4.1.0.tgz 0ms (cache hit)
255 http cache decamelize@https://registry.npmjs.org/decamelize/-/decamelize-1.2.0.tgz 0ms (cache hit)
256 http cache pngjs@https://registry.npmjs.org/pngjs/-/pngjs-5.0.0.tgz 0ms (cache hit)
257 http cache dijkstrajs@https://registry.npmjs.org/dijkstrajs/-/dijkstrajs-1.0.3.tgz 0ms (cache hit)
258 http cache qrcode@https://registry.npmjs.org/qrcode/-/qrcode-1.5.4.tgz 0ms (cache hit)
259 http cache wrap-ansi@https://registry.npmjs.org/wrap-ansi/-/wrap-ansi-6.2.0.tgz 0ms (cache hit)
260 http cache y18n@https://registry.npmjs.org/y18n/-/y18n-4.0.3.tgz 0ms (cache hit)
261 http cache yargs-parser@https://registry.npmjs.org/yargs-parser/-/yargs-parser-18.1.3.tgz 0ms (cache hit)
262 http cache yargs@https://registry.npmjs.org/yargs/-/yargs-15.4.1.tgz 0ms (cache hit)
263 http cache path-exists@https://registry.npmjs.org/path-exists/-/path-exists-4.0.0.tgz 0ms (cache hit)
264 http cache cliui@https://registry.npmjs.org/cliui/-/cliui-6.0.0.tgz 0ms (cache hit)
265 http cache p-limit@https://registry.npmjs.org/p-limit/-/p-limit-2.3.0.tgz 0ms (cache hit)
266 silly tarball no local data for camelcase@https://registry.npmjs.org/camelcase/-/camelcase-5.3.1.tgz. Extracting by manifest.
267 silly tarball no local data for p-try@https://registry.npmjs.org/p-try/-/p-try-2.2.0.tgz. Extracting by manifest.
268 silly tarball no local data for p-locate@https://registry.npmjs.org/p-locate/-/p-locate-4.1.0.tgz. Extracting by manifest.
269 silly tarball no local data for locate-path@https://registry.npmjs.org/locate-path/-/locate-path-5.0.0.tgz. Extracting by manifest.
270 silly tarball no local data for which-module@https://registry.npmjs.org/which-module/-/which-module-2.0.1.tgz. Extracting by manifest.
271 silly tarball no local data for set-blocking@https://registry.npmjs.org/set-blocking/-/set-blocking-2.0.0.tgz. Extracting by manifest.
272 silly tarball no local data for require-main-filename@https://registry.npmjs.org/require-main-filename/-/require-main-filename-2.0.0.tgz. Extracting by manifest.
273 silly tarball no local data for find-up@https://registry.npmjs.org/find-up/-/find-up-4.1.0.tgz. Extracting by manifest.
274 silly tarball no local data for decamelize@https://registry.npmjs.org/decamelize/-/decamelize-1.2.0.tgz. Extracting by manifest.
275 silly tarball no local data for pngjs@https://registry.npmjs.org/pngjs/-/pngjs-5.0.0.tgz. Extracting by manifest.
276 silly tarball no local data for dijkstrajs@https://registry.npmjs.org/dijkstrajs/-/dijkstrajs-1.0.3.tgz. Extracting by manifest.
277 silly tarball no local data for qrcode@https://registry.npmjs.org/qrcode/-/qrcode-1.5.4.tgz. Extracting by manifest.
278 silly tarball no local data for wrap-ansi@https://registry.npmjs.org/wrap-ansi/-/wrap-ansi-6.2.0.tgz. Extracting by manifest.
279 silly tarball no local data for y18n@https://registry.npmjs.org/y18n/-/y18n-4.0.3.tgz. Extracting by manifest.
280 silly tarball no local data for yargs-parser@https://registry.npmjs.org/yargs-parser/-/yargs-parser-18.1.3.tgz. Extracting by manifest.
281 silly tarball no local data for yargs@https://registry.npmjs.org/yargs/-/yargs-15.4.1.tgz. Extracting by manifest.
282 silly tarball no local data for path-exists@https://registry.npmjs.org/path-exists/-/path-exists-4.0.0.tgz. Extracting by manifest.
283 silly tarball no local data for cliui@https://registry.npmjs.org/cliui/-/cliui-6.0.0.tgz. Extracting by manifest.
284 silly tarball no local data for p-limit@https://registry.npmjs.org/p-limit/-/p-limit-2.3.0.tgz. Extracting by manifest.
285 http fetch GET 200 https://registry.npmjs.org/p-try/-/p-try-2.2.0.tgz 175ms (cache miss)
286 http fetch GET 200 https://registry.npmjs.org/p-locate/-/p-locate-4.1.0.tgz 214ms (cache miss)
287 http fetch GET 200 https://registry.npmjs.org/camelcase/-/camelcase-5.3.1.tgz 214ms (cache miss)
288 http fetch GET 200 https://registry.npmjs.org/set-blocking/-/set-blocking-2.0.0.tgz 214ms (cache miss)
289 http fetch GET 200 https://registry.npmjs.org/locate-path/-/locate-path-5.0.0.tgz 214ms (cache miss)
290 http fetch GET 200 https://registry.npmjs.org/which-module/-/which-module-2.0.1.tgz 218ms (cache miss)
291 http fetch POST 200 https://registry.npmjs.org/-/npm/v1/security/advisories/bulk 387ms
292 silly audit report {
292 silly audit report   esbuild: [
292 silly audit report     {
292 silly audit report       id: 1102341,
292 silly audit report       url: 'https://github.com/advisories/GHSA-67mh-4wv8-2f99',
292 silly audit report       title: 'esbuild enables any website to send any requests to the development server and read the response',
292 silly audit report       severity: 'moderate',
292 silly audit report       vulnerable_versions: '<=0.24.2',
292 silly audit report       cwe: [Array],
292 silly audit report       cvss: [Object]
292 silly audit report     }
292 silly audit report   ],
292 silly audit report   protobufjs: [
292 silly audit report     {
292 silly audit report       id: 1119378,
292 silly audit report       url: 'https://github.com/advisories/GHSA-jggg-4jg4-v7c6',
292 silly audit report       title: 'protobufjs: Denial of Service via unbounded recursive JSON descriptor expansion',
292 silly audit report       severity: 'moderate',
292 silly audit report       vulnerable_versions: '<=7.5.7',
292 silly audit report       cwe: [Array],
292 silly audit report       cvss: [Object]
292 silly audit report     }
292 silly audit report   ],
292 silly audit report   vite: [
292 silly audit report     {
292 silly audit report       id: 1116229,
292 silly audit report       url: 'https://github.com/advisories/GHSA-4w7w-66w2-5vf9',
292 silly audit report       title: 'Vite Vulnerable to Path Traversal in Optimized Deps `.map` Handling',
292 silly audit report       severity: 'moderate',
292 silly audit report       vulnerable_versions: '<=6.4.1',
292 silly audit report       cwe: [Array],
292 silly audit report       cvss: [Object]
292 silly audit report     }
292 silly audit report   ]
292 silly audit report }
293 silly packumentCache corgi:https://registry.npmjs.org/esbuild cache-miss
294 silly packumentCache corgi:https://registry.npmjs.org/protobufjs cache-miss
295 silly packumentCache corgi:https://registry.npmjs.org/vite cache-miss
296 http fetch GET 200 https://registry.npmjs.org/p-limit/-/p-limit-2.3.0.tgz 388ms (cache miss)
297 http fetch GET 200 https://registry.npmjs.org/path-exists/-/path-exists-4.0.0.tgz 396ms (cache miss)
298 http fetch GET 200 https://registry.npmjs.org/cliui/-/cliui-6.0.0.tgz 396ms (cache miss)
299 http fetch GET 200 https://registry.npmjs.org/yargs-parser/-/yargs-parser-18.1.3.tgz 545ms (cache miss)
300 http fetch GET 200 https://registry.npmjs.org/protobufjs 395ms (cache miss)
301 silly packumentCache corgi:https://registry.npmjs.org/protobufjs set size:undefined disposed:false
302 http fetch GET 200 https://registry.npmjs.org/yargs/-/yargs-15.4.1.tgz 813ms (cache miss)
303 http fetch GET 200 https://registry.npmjs.org/wrap-ansi/-/wrap-ansi-6.2.0.tgz 910ms (cache miss)
304 http fetch GET 200 https://registry.npmjs.org/dijkstrajs/-/dijkstrajs-1.0.3.tgz 918ms (cache miss)
305 http fetch GET 200 https://registry.npmjs.org/esbuild 560ms (cache miss)
306 silly packumentCache corgi:https://registry.npmjs.org/esbuild set size:undefined disposed:false
307 http fetch GET 200 https://registry.npmjs.org/find-up/-/find-up-4.1.0.tgz 960ms (cache miss)
308 http fetch GET 200 https://registry.npmjs.org/y18n/-/y18n-4.0.3.tgz 959ms (cache miss)
309 http fetch GET 200 https://registry.npmjs.org/require-main-filename/-/require-main-filename-2.0.0.tgz 962ms (cache miss)
310 http fetch GET 200 https://registry.npmjs.org/vite 674ms (cache miss)
311 silly packumentCache corgi:https://registry.npmjs.org/vite set size:undefined disposed:false
312 silly packumentCache corgi:https://registry.npmjs.org/@grpc%2fproto-loader cache-miss
313 silly packumentCache corgi:https://registry.npmjs.org/@opentelemetry%2fotlp-transformer cache-miss
314 http fetch GET 200 https://registry.npmjs.org/qrcode/-/qrcode-1.5.4.tgz 1407ms (cache miss)
315 http fetch GET 200 https://registry.npmjs.org/decamelize/-/decamelize-1.2.0.tgz 1589ms (cache miss)
316 http fetch GET 200 https://registry.npmjs.org/@grpc%2fproto-loader 335ms (cache miss)
317 silly packumentCache corgi:https://registry.npmjs.org/@grpc%2fproto-loader set size:undefined disposed:false
318 http fetch GET 200 https://registry.npmjs.org/pngjs/-/pngjs-5.0.0.tgz 1813ms (cache miss)
319 http fetch GET 200 https://registry.npmjs.org/@opentelemetry%2fotlp-transformer 694ms (cache miss)
320 silly packumentCache corgi:https://registry.npmjs.org/@opentelemetry%2fotlp-transformer set size:undefined disposed:false
321 silly ADD node_modules/camelcase
322 silly ADD node_modules/p-try
323 silly ADD node_modules/p-limit
324 silly ADD node_modules/p-locate
325 silly ADD node_modules/path-exists
326 silly ADD node_modules/locate-path
327 silly ADD node_modules/which-module
328 silly ADD node_modules/set-blocking
329 silly ADD node_modules/require-main-filename
330 silly ADD node_modules/find-up
331 silly ADD node_modules/decamelize
332 silly ADD node_modules/pngjs
333 silly ADD node_modules/dijkstrajs
334 silly ADD node_modules/qrcode
335 silly ADD node_modules/qrcode/node_modules/wrap-ansi
336 silly ADD node_modules/qrcode/node_modules/yargs-parser
337 silly ADD node_modules/qrcode/node_modules/y18n
338 silly ADD node_modules/qrcode/node_modules/cliui
339 silly ADD node_modules/qrcode/node_modules/yargs
340 verbose cwd /Users/Holiday_1/Desktop/Growth/Marginalia
341 verbose os Darwin 25.5.0
342 verbose node v22.16.0
343 verbose npm  v11.12.0
344 notice
344 notice New minor version of npm available! 11.12.0 -> 11.15.0
344 notice Changelog: https://github.com/npm/cli/releases/tag/v11.15.0
344 notice To update run: npm install -g npm@11.15.0
344 notice  { force: true, [Symbol(proc-log.meta)]: true }
345 verbose exit 0
346 info ok
