0 verbose cli /usr/local/bin/node /usr/local/lib/node_modules/npm/bin/npm-cli.js
1 info using npm@11.12.0
2 info using node@v22.16.0
3 silly config load:file:/usr/local/lib/node_modules/npm/npmrc
4 silly config load:file:/Users/Holiday_1/Desktop/Growth/Marginalia/.npmrc
5 silly config load:file:/Users/Holiday_1/.npmrc
6 silly config load:file:/usr/local/etc/npmrc
7 verbose title npm exec gltf-validator assets/3D room/macbook.glb
8 verbose argv "exec" "--" "gltf-validator" "assets/3D room/macbook.glb"
9 verbose logfile logs-max:10 dir:/Users/Holiday_1/Desktop/Growth/Marginalia/.npm-cache/_logs/2026-05-03T07_11_52_388Z-
10 verbose logfile /Users/Holiday_1/Desktop/Growth/Marginalia/.npm-cache/_logs/2026-05-03T07_11_52_388Z-debug-0.log
11 silly logfile done cleaning log files
12 silly packumentCache heap:4345298944 maxSize:1086324736 maxEntrySize:543162368
13 verbose shrinkwrap failed to load node_modules/.package-lock.json out of date, updated: node_modules
14 http fetch GET 200 https://registry.npmjs.org/gltf-validator 226ms (cache miss)
15 verbose stack Error: could not determine executable to run
15 verbose stack     at getBinFromManifest (/usr/local/lib/node_modules/npm/node_modules/libnpmexec/lib/get-bin-from-manifest.js:17:23)
15 verbose stack     at exec (/usr/local/lib/node_modules/npm/node_modules/libnpmexec/lib/index.js:211:15)
15 verbose stack     at async Npm.exec (/usr/local/lib/node_modules/npm/lib/npm.js:193:9)
15 verbose stack     at async module.exports (/usr/local/lib/node_modules/npm/lib/cli/entry.js:67:5)
16 verbose pkgid gltf-validator@2.0.0-dev.3.10
17 error could not determine executable to run
18 verbose cwd /Users/Holiday_1/Desktop/Growth/Marginalia
19 verbose os Darwin 25.4.0
20 verbose node v22.16.0
21 verbose npm  v11.12.0
22 verbose exit 1
23 verbose code 1
24 error A complete log of this run can be found in: /Users/Holiday_1/Desktop/Growth/Marginalia/.npm-cache/_logs/2026-05-03T07_11_52_388Z-debug-0.log
